[www.mccabecoleman.com/index.html]
[backblue.gif]
[fade.gif]
[index.html]
[www.mccabecoleman.com/common/usc/p/video.js]
[www.mccabecoleman.com/images/logos/Logo.2006301124428.png]
[www.mccabecoleman.com/images/logos/Logo2.2209161529318.png]
[www.mccabecoleman.com/images/logo-circle-bridge.2209201334566.3.delayed]
[www.mccabecoleman.com/our-attorneys/daniel-j-mccabe/index.html]
[www.mccabecoleman.com/our-attorneys/steven-k-patterson/index.html]
[www.mccabecoleman.com/site-search/index.html]
[www.mccabecoleman.com/our-attorneys/index.html]
[www.mccabecoleman.com/our-attorneys/christopher-s-coleman/index.html]
[www.mccabecoleman.com/our-attorneys/john-j-ventosa/index.html]
[www.mccabecoleman.com/our-attorneys/jennifer-j-clark/index.html]
[www.mccabecoleman.com/our-attorneys/dean-mcgee/index.html]
[www.mccabecoleman.com/practice-areas/index.html]
[www.mccabecoleman.com/our-attorneys/david-l-steinberg/index.html]
[www.mccabecoleman.com/practice-areas/business-and-contract-law/business-consulting/index.html]
[www.mccabecoleman.com/our-attorneys/donna-nebel/index.html]
[www.mccabecoleman.com/our-attorneys/elizabeth-m-shanahan/index.html]
[www.mccabecoleman.com/practice-areas/business-and-contract-law/index.html]
[www.mccabecoleman.com/cms/svg/site/qmzf7qq47n4.24.2311221428500.svg]
[www.mccabecoleman.com/assets/services/services-v2-bg-mobile.2209201258546.jpg]
[www.mccabecoleman.com/practice-areas/business-and-contract-law/buying-selling-businesses/index.html]
[www.mccabecoleman.com/practice-areas/criminal-defense/index.html]
[www.mccabecoleman.com/practice-areas/civil-litigation/index.html]
[www.mccabecoleman.com/practice-areas/business-and-contract-law/contract-disputes/index.html]
[www.mccabecoleman.com/practice-areas/business-and-contract-law/due-diligence-negotiation/index.html]
[www.mccabecoleman.com/practice-areas/business-and-contract-law/state-liquor-authority-practice/index.html]
[www.mccabecoleman.com/assets/services/services-v2-bg-tablet.2209201258550.jpg]
[www.mccabecoleman.com/practice-areas/criminal-defense/appeals/index.html]
[www.mccabecoleman.com/practice-areas/criminal-defense/domestic-violence/index.html]
[www.mccabecoleman.com/practice-areas/criminal-defense/dwi/index.html]
[www.mccabecoleman.com/practice-areas/criminal-defense/drug-crimes/index.html]
[www.mccabecoleman.com/practice-areas/criminal-defense/grand-larceny-and-theft/index.html]
[www.mccabecoleman.com/practice-areas/criminal-defense/juvenile-crimes/index.html]
[www.mccabecoleman.com/assets/services/services-v2-bg.2209201258557.jpg]
[www.mccabecoleman.com/practice-areas/criminal-defense/sex-crimes/index.html]
[www.mccabecoleman.com/practice-areas/criminal-defense/speeding-tickets/index.html]
[www.mccabecoleman.com/practice-areas/criminal-defense/white-collar-crimes/index.html]
[www.mccabecoleman.com/practice-areas/criminal-defense/violent-crimes/index.html]
[www.mccabecoleman.com/family-law/index.html]
[www.mccabecoleman.com/assets/staff/texture.2209231608583.jpg]
[www.mccabecoleman.com/personal-injury/index.html]
[www.mccabecoleman.com/practice-areas/real-estate-law/index.html]
[www.mccabecoleman.com/practice-areas/real-estate-law/residential-real-estate/index.html]
[www.mccabecoleman.com/cms/thumbnails/00/455x565/images/daniel-mccabe[1].2007060928221.jpg]
[www.mccabecoleman.com/practice-areas/real-estate-law/commercial-real-estate/index.html]
[www.mccabecoleman.com/practice-areas/wills-trusts-and-estate-planning/index.html]
[www.mccabecoleman.com/cms/thumbnails/00/455x565/images/christopher-coleman[2].2007060928514.jpg]
[www.mccabecoleman.com/practice-areas/wills-trusts-and-estate-planning/health-care-proxy/index.html]
[www.mccabecoleman.com/case-results/index.html]
[www.mccabecoleman.com/blog/2023/index.html]
[www.mccabecoleman.com/practice-areas/wills-trusts-and-estate-planning/living-will/index.html]
[www.mccabecoleman.com/practice-areas/wills-trusts-and-estate-planning/power-of-attorney/index.html]
[www.mccabecoleman.com/blog/index.html]
[www.mccabecoleman.com/practice-areas/wills-trusts-and-estate-planning/simple-will/index.html]
[www.mccabecoleman.com/blog/2023/july/index.html]
[www.mccabecoleman.com/cms/thumbnails/00/455x565/images/john-ventosa[2].2007060929127.jpg]
[www.mccabecoleman.com/blog/2022/index.html]
[www.mccabecoleman.com/blog/2022/august/index.html]
[www.mccabecoleman.com/blog/2022/july/index.html]
[www.mccabecoleman.com/blog/2021/index.html]
[www.mccabecoleman.com/cms/thumbnails/00/455x565/images/stephen-patterson[2].2007060929369.jpg]
[www.mccabecoleman.com/cms/thumbnails/00/455x565/images/staff/jc[1].2209221837161.jpg]
[www.mccabecoleman.com/blog/2021/december/index.html]
[www.mccabecoleman.com/blog/2020/index.html]
[www.mccabecoleman.com/blog/2020/december/index.html]
[www.mccabecoleman.com/blog/2019/september/index.html]
[www.mccabecoleman.com/blog/2019/index.html]
[www.mccabecoleman.com/blog/2019/december/index.html]
[www.mccabecoleman.com/cms/thumbnails/00/455x565/images/staff/david.2209221837408.jpg]
[www.mccabecoleman.com/blog/2019/august/index.html]
[www.mccabecoleman.com/blog/2019/july/index.html]
[www.mccabecoleman.com/blog/2019/june/index.html]
[www.mccabecoleman.com/blog/2019/april/index.html]
[www.mccabecoleman.com/blog/2019/may/index.html]
[www.mccabecoleman.com/cms/thumbnails/00/455x565/images/staff/dean.2209221838166.jpg]
[www.mccabecoleman.com/blog/2019/march/index.html]
[www.mccabecoleman.com/reviews/index.html]
[www.mccabecoleman.com/service-areas/index.html]
[www.mccabecoleman.com/service-areas/orange-county/index.html]
[www.mccabecoleman.com/service-areas/putnam-county/index.html]
[www.mccabecoleman.com/service-areas/dutchess-county/index.html]
[www.mccabecoleman.com/service-areas/dutchess-county/red-hook/index.html]
[www.mccabecoleman.com/service-areas/ulster-county/index.html]
[www.mccabecoleman.com/service-areas/putnam-county/carmel/index.html]
[www.mccabecoleman.com/cms/thumbnails/00/455x565/images/McCabe-Nebel_Donna-6291.2107301611419.jpg]
[www.mccabecoleman.com/service-areas/ulster-county/kingston/index.html]
[www.mccabecoleman.com/contact-us/index.html]
[www.mccabecoleman.com/family-law/collaborative-divorce/index.html]
[www.mccabecoleman.com/cms/thumbnails/00/455x565/images/staff/staff-elizabeth-s2.2310181702224.jpg]
[www.mccabecoleman.com/cms/thumbnails/34/300x300/images/daniel-mccabe[2].2007060928242.jpg]
[www.mccabecoleman.com/cms/thumbnails/34/300x300/images/christopher-coleman[2].2007060928514.jpg]
[www.mccabecoleman.com/cms/thumbnails/34/300x300/images/john-ventosa[2].2007060929127.jpg]
[www.mccabecoleman.com/cms/thumbnails/34/300x300/images/stephen-patterson[2].2007060929369.jpg]
[www.mccabecoleman.com/cms/thumbnails/34/300x300/images/staff/jc[3].2209221837242.jpg]
[www.mccabecoleman.com/cms/thumbnails/34/300x300/images/Grey-Background[2].2007061643548.jpg]
[www.mccabecoleman.com/cms/thumbnails/34/300x300/images/staff/dean.2209221838166.jpg]
[www.mccabecoleman.com/cms/thumbnails/34/300x300/images/McCabe-Nebel_Donna-6291.2107301611419.jpg]
[www.mccabecoleman.com/cms/thumbnails/34/300x300/images/staff/staff-elizabeth-s2.2310181702224.jpg]
[www.mccabecoleman.com/assets/sub-banner/marble-bg.2209201338594.jpg]
[www.mccabecoleman.com/images/accolades/top-40.2007080745139.png]
[www.mccabecoleman.com/images/accolades/avvo-13.2007080745412.png]
[www.mccabecoleman.com/images/accolades/avvo-12.2007080745581.png]
[www.mccabecoleman.com/images/accolades/avvo-11.2007080746570.png]
[www.mccabecoleman.com/images/accolades/bbb.2007080747122.png]
[www.mccabecoleman.com/images/accolades/avvo-logo.2007080747261.png]
[www.mccabecoleman.com/images/accolades/avvo-10.2007080748039.png]
[www.mccabecoleman.com/images/accolades/avvo-9.2007080748211.png]
[www.mccabecoleman.com/assets/reviews/ReviewsV1-reviews-v1-bg-mobile.2209161649287.jpg]
[www.mccabecoleman.com/assets/reviews/ReviewsV1-reviews-v1-bg-tablet.2209161649288.jpg]
[www.mccabecoleman.com/assets/reviews/ReviewsV1-reviews-v1-bg.2209161649288.jpg]
[www.mccabecoleman.com/assets/values/values-v2-img.2209161718552.png]
[www.mccabecoleman.com/assets/cta/CtaV2-cta-v2-bg-mobile.2209161728429.jpg]
[www.mccabecoleman.com/assets/cta/CtaV2-cta-v2-bg-tablet.2209161728430.jpg]
[www.mccabecoleman.com/assets/cta/CtaV2-cta-v2-bg.2209161728432.jpg]
[www.mccabecoleman.com/assets/cta/marble-narrow-bg.2209231603585.jpg]
[www.mccabecoleman.com/includes/high-res.css]
[www.mccabecoleman.com/privacy-policy/index.html]
[www.mccabecoleman.com/site-map/index.html]
[www.mccabecoleman.com/cms/includes/_st38yxhldp.2303291206316.css]
[www.mccabecoleman.com/index.html]
[www.mccabecoleman.com/common/index.html]
[www.mccabecoleman.com/cms/index.html]
[www.mccabecoleman.com/common/usc/js/index.html]
[www.mccabecoleman.com/admin/index.html]
[www.mccabecoleman.com/usc/index.html]
[www.mccabecoleman.com/cms/includes/36n6ndhlh85.2311221353225.js]
[www.mccabecoleman.com/cms/svg/site/qmzf7qq47n4.36.2311221428500.svg]
[www.mccabecoleman.com/cms/includes/5i_kqjrhoun.2303291206316.css]
[www.mccabecoleman.com/site-search/index.html]
[www.mccabecoleman.com/cms/includes/h1g0wy6px37.2311221353225.js]
[www.mccabecoleman.com/cms/thumbnails/34/438x526/images/daniel-mccabe[1].2007060928221.jpg]
[www.mccabecoleman.com/cms/thumbnails/34/331x398/images/daniel-mccabe[1].2007060928221.jpg]
[www.mccabecoleman.com/cms/thumbnails/34/277x333/images/daniel-mccabe[1].2007060928221.jpg]
[www.mccabecoleman.com/cms/thumbnails/34/515x618/images/daniel-mccabe[1].2007060928221.jpg]
[www.mccabecoleman.com/cms/thumbnails/34/438x526/images/christopher-coleman[2].2007060928514.jpg]
[www.mccabecoleman.com/cms/thumbnails/34/331x398/images/christopher-coleman[2].2007060928514.jpg]
[www.mccabecoleman.com/cms/thumbnails/34/277x333/images/christopher-coleman[2].2007060928514.jpg]
[www.mccabecoleman.com/cms/thumbnails/34/515x618/images/christopher-coleman[2].2007060928514.jpg]
[www.mccabecoleman.com/cms/thumbnails/34/438x526/images/john-ventosa[2].2007060929127.jpg]
[www.mccabecoleman.com/cms/thumbnails/34/331x398/images/john-ventosa[2].2007060929127.jpg]
[www.mccabecoleman.com/cms/thumbnails/34/277x333/images/john-ventosa[2].2007060929127.jpg]
[www.mccabecoleman.com/cms/thumbnails/34/515x618/images/john-ventosa[2].2007060929127.jpg]
[www.mccabecoleman.com/cms/thumbnails/34/438x526/images/stephen-patterson[2].2007060929369.jpg]
[www.mccabecoleman.com/cms/thumbnails/34/331x398/images/stephen-patterson[2].2007060929369.jpg]
[www.mccabecoleman.com/cms/thumbnails/34/277x333/images/stephen-patterson[2].2007060929369.jpg]
[www.mccabecoleman.com/cms/thumbnails/34/515x618/images/stephen-patterson[2].2007060929369.jpg]
[www.mccabecoleman.com/cms/thumbnails/34/438x526/images/staff/jc[1].2209221837161.jpg]
[www.mccabecoleman.com/cms/thumbnails/34/331x398/images/staff/jc[1].2209221837161.jpg]
[www.mccabecoleman.com/cms/thumbnails/34/277x333/images/staff/jc[1].2209221837161.jpg]
[www.mccabecoleman.com/cms/thumbnails/34/515x618/images/staff/jc[1].2209221837161.jpg]
[www.mccabecoleman.com/cms/thumbnails/34/438x526/images/staff/david.2209221837408.jpg]
[www.mccabecoleman.com/cms/thumbnails/34/331x398/images/staff/david.2209221837408.jpg]
[www.mccabecoleman.com/cms/thumbnails/34/277x333/images/staff/david.2209221837408.jpg]
[www.mccabecoleman.com/cms/thumbnails/34/515x618/images/staff/david.2209221837408.jpg]
[www.mccabecoleman.com/cms/thumbnails/34/438x526/images/staff/dean.2209221838166.jpg]
[www.mccabecoleman.com/cms/thumbnails/34/331x398/images/staff/dean.2209221838166.jpg]
[www.mccabecoleman.com/cms/thumbnails/34/277x333/images/staff/dean.2209221838166.jpg]
[www.mccabecoleman.com/cms/thumbnails/34/515x618/images/staff/dean.2209221838166.jpg]
[www.mccabecoleman.com/cms/thumbnails/34/438x526/images/McCabe-Nebel_Donna-6291.2107301611419.jpg]
[www.mccabecoleman.com/cms/thumbnails/34/331x398/images/McCabe-Nebel_Donna-6291.2107301611419.jpg]
[www.mccabecoleman.com/cms/thumbnails/34/277x333/images/McCabe-Nebel_Donna-6291.2107301611419.jpg]
[www.mccabecoleman.com/cms/thumbnails/34/515x618/images/McCabe-Nebel_Donna-6291.2107301611419.jpg]
[www.mccabecoleman.com/cms/thumbnails/34/438x526/images/staff/staff-elizabeth-s2.2310181702224.jpg]
[www.mccabecoleman.com/cms/thumbnails/34/331x398/images/staff/staff-elizabeth-s2.2310181702224.jpg]
[www.mccabecoleman.com/cms/thumbnails/34/277x333/images/staff/staff-elizabeth-s2.2310181702224.jpg]
[www.mccabecoleman.com/cms/thumbnails/34/515x618/images/staff/staff-elizabeth-s2.2310181702224.jpg]
[www.mccabecoleman.com/assets/contact/ContactV3-contact-v3-bg.2209161821479.jpg]
[www.mccabecoleman.com/cms/includes/ufrmdd1ozbu.2303291206316.css]
[www.mccabecoleman.com/our-attorneys/index.html]
[www.mccabecoleman.com/cms/includes/029v4ydtd31.2311221353225.js]
[www.mccabecoleman.com/images/daniel-mccabe[2].jpg]
[www.mccabecoleman.com/cms/includes/f7m3d5696um.2303291206316.css]
[www.mccabecoleman.com/our-attorneys/daniel-j-mccabe/index.html]
[www.mccabecoleman.com/cms/includes/o9p85t7wbg2.2311221353225.js]
[www.mccabecoleman.com/images/christopher-coleman[2].jpg]
[www.mccabecoleman.com/our-attorneys/christopher-s-coleman/index.html]
[www.mccabecoleman.com/images/john-ventosa[2].jpg]
[www.mccabecoleman.com/our-attorneys/john-j-ventosa/index.html]
[www.mccabecoleman.com/images/stephen-patterson[2].jpg]
[www.mccabecoleman.com/our-attorneys/steven-k-patterson/index.html]
[www.mccabecoleman.com/images/staff/jc[3].jpg]
[www.mccabecoleman.com/our-attorneys/jennifer-j-clark/index.html]
[www.mccabecoleman.com/images/staff/dean.jpg]
[www.mccabecoleman.com/our-attorneys/dean-mcgee/index.html]
[www.mccabecoleman.com/images/Grey-Background[2].jpg]
[www.mccabecoleman.com/our-attorneys/david-l-steinberg/index.html]
[www.mccabecoleman.com/images/McCabe-Nebel_Donna-6291.jpg]
[www.mccabecoleman.com/our-attorneys/donna-nebel/index.html]
[www.mccabecoleman.com/images/staff/staff-elizabeth-s2.jpg]
[www.mccabecoleman.com/our-attorneys/elizabeth-m-shanahan/index.html]
[www.mccabecoleman.com/cms/includes/hcqjh4bjmkt.2303291206316.css]
[www.mccabecoleman.com/practice-areas/index.html]
[www.mccabecoleman.com/cms/includes/0wpnwlneim0.2311221353225.js]
[www.mccabecoleman.com/assets/cta/MainstageV1-mainstage-v1-texture.2209161651599.jpg]
[www.mccabecoleman.com/cms/includes/jgbbezlkc4u.2303291206316.css]
[www.mccabecoleman.com/poughkeepsie-dwi/index.html]
[www.mccabecoleman.com/practice-areas/business-and-contract-law/index.html]
[www.mccabecoleman.com/practice-areas/business-and-contract-law/business-consulting/index.html]
[www.mccabecoleman.com/practice-areas/business-and-contract-law/buying-selling-businesses/index.html]
[www.mccabecoleman.com/practice-areas/business-and-contract-law/contract-disputes/index.html]
[www.mccabecoleman.com/cms/includes/n1be8cuqvuq.2311221353225.js]
[www.mccabecoleman.com/practice-areas/business-and-contract-law/due-diligence-negotiation/index.html]
[www.mccabecoleman.com/practice-areas/business-and-contract-law/state-liquor-authority-practice/index.html]
[www.mccabecoleman.com/practice-areas/civil-litigation/index.html]
[www.mccabecoleman.com/practice-areas/criminal-defense/index.html]
[www.mccabecoleman.com/practice-areas/criminal-defense/appeals/index.html]
[www.mccabecoleman.com/practice-areas/criminal-defense/domestic-violence/index.html]
[www.mccabecoleman.com/practice-areas/criminal-defense/drug-crimes/drug-possession/index.html]
[www.mccabecoleman.com/practice-areas/criminal-defense/drug-crimes/index.html]
[www.mccabecoleman.com/practice-areas/criminal-defense/dwi/multiple-dwi/index.html]
[www.mccabecoleman.com/practice-areas/criminal-defense/grand-larceny-and-theft/credit-card-theft/index.html]
[www.mccabecoleman.com/practice-areas/criminal-defense/grand-larceny-and-theft/shoplifting/index.html]
[www.mccabecoleman.com/practice-areas/criminal-defense/white-collar-crimes/tax-evasion/index.html]
[www.mccabecoleman.com/practice-areas/criminal-defense/white-collar-crimes/money-laundering/index.html]
[www.mccabecoleman.com/practice-areas/criminal-defense/dwi/index.html]
[www.mccabecoleman.com/practice-areas/criminal-defense/white-collar-crimes/embezzlement/index.html]
[www.mccabecoleman.com/practice-areas/real-estate-law/commercial-real-estate/commercial-evictions/index.html]
[www.mccabecoleman.com/practice-areas/real-estate-law/commercial-real-estate/understanding-commercial-real-estate-contracts/index.html]
[www.mccabecoleman.com/practice-areas/criminal-defense/grand-larceny-and-theft/index.html]
[www.mccabecoleman.com/blog/2023/july/the-new-york-criminal-justice-system-from-arrest/index.html]
[www.mccabecoleman.com/blog/2019/june/is-ignorance-of-the-law-a-legal-defense-/index.html]
[www.mccabecoleman.com/blog/2019/may/how-to-find-the-right-federal-criminal-defense-l/index.html]
[www.mccabecoleman.com/practice-areas/criminal-defense/juvenile-crimes/index.html]
[www.mccabecoleman.com/practice-areas/criminal-defense/sex-crimes/index.html]
[www.mccabecoleman.com/practice-areas/criminal-defense/speeding-tickets/index.html]
[www.mccabecoleman.com/practice-areas/criminal-defense/violent-crimes/index.html]
[www.mccabecoleman.com/practice-areas/criminal-defense/white-collar-crimes/index.html]
[www.mccabecoleman.com/family-law/index.html]
[www.mccabecoleman.com/personal-injury/index.html]
[www.mccabecoleman.com/practice-areas/real-estate-law/index.html]
[www.mccabecoleman.com/practice-areas/real-estate-law/residential-real-estate/index.html]
[www.mccabecoleman.com/practice-areas/real-estate-law/commercial-real-estate/index.html]
[www.mccabecoleman.com/practice-areas/wills-trusts-and-estate-planning/index.html]
[www.mccabecoleman.com/practice-areas/wills-trusts-and-estate-planning/health-care-proxy/index.html]
[www.mccabecoleman.com/practice-areas/wills-trusts-and-estate-planning/living-will/index.html]
[www.mccabecoleman.com/family-law/divorce/index.html]
[www.mccabecoleman.com/family-law/divorce-mediation/index.html]
[www.mccabecoleman.com/practice-areas/wills-trusts-and-estate-planning/power-of-attorney/index.html]
[www.mccabecoleman.com/blog/2019/september/how-new-york-courts-determine-custody/index.html]
[www.mccabecoleman.com/practice-areas/wills-trusts-and-estate-planning/simple-will/index.html]
[www.mccabecoleman.com/personal-injury/car-accidents/index.html]
[www.mccabecoleman.com/personal-injury/medical-malpractice/index.html]
[www.mccabecoleman.com/personal-injury/construction-accidents/index.html]
[www.mccabecoleman.com/cms/includes/gwi6pggy0oj.2303291206316.css]
[www.mccabecoleman.com/personal-injury/negligence/index.html]
[www.mccabecoleman.com/personal-injury/nursing-home-abuse/index.html]
[www.mccabecoleman.com/personal-injury/product-liability/index.html]
[www.mccabecoleman.com/case-results/index.html]
[www.mccabecoleman.com/personal-injury/slip-and-fall/index.html]
[www.mccabecoleman.com/personal-injury/wrongful-death/index.html]
[www.mccabecoleman.com/cms/includes/041odzchhk5.2311221353225.js]
[www.mccabecoleman.com/cms/includes/fnk3qn3uo84.2303291206316.css]
[www.mccabecoleman.com/blog/index.html]
[www.mccabecoleman.com/blog/2023/index.html]
[www.mccabecoleman.com/cms/includes/qngw_ziegp0.2311221353225.js]
[www.mccabecoleman.com/blog/2023/july/index.html]
[www.mccabecoleman.com/blog/2022/index.html]
[www.mccabecoleman.com/blog/2022/august/index.html]
[www.mccabecoleman.com/blog/2022/august/august-2022-mccabe-coleman-wins-lawsuit-over-bre/index.html]
[www.mccabecoleman.com/blog/2022/july/july-29-2022-mccabe-coleman-victory-highlights-i/index.html]
[www.mccabecoleman.com/blog/2021/december/mccabe-coleman-news-2021/index.html]
[www.mccabecoleman.com/blog/2020/december/mccabe-coleman-news-2020/index.html]
[www.mccabecoleman.com/blog/2022/july/index.html]
[www.mccabecoleman.com/blog/2019/december/mccabe-coleman-news-2019/index.html]
[www.mccabecoleman.com/blog/2023/july/steps-to-take-after-a-personal-injury-your-guide/index.html]
[www.mccabecoleman.com/blog/2021/index.html]
[www.mccabecoleman.com/blog/2023/july/avoiding-common-mistakes-during-a-new-york-dwi-s/index.html]
[www.mccabecoleman.com/blog/2021/december/index.html]
[www.mccabecoleman.com/blog/2020/index.html]
[www.mccabecoleman.com/blog/2020/december/index.html]
[www.mccabecoleman.com/blog/2019/index.html]
[www.mccabecoleman.com/blog/2019/december/index.html]
[www.mccabecoleman.com/blog/2019/september/index.html]
[www.mccabecoleman.com/blog/2019/august/index.html]
[www.mccabecoleman.com/blog/2019/july/index.html]
[www.mccabecoleman.com/blog/2021/december/arrested-for-dwi-should-you-take-the-test-/index.html]
[www.mccabecoleman.com/blog/2019/june/index.html]
[www.mccabecoleman.com/blog/2021/december/tree-cases-nys-rpapl-861-unlawful-removal-of-tim/index.html]
[www.mccabecoleman.com/blog/2019/may/index.html]
[www.mccabecoleman.com/blog/2019/april/index.html]
[www.mccabecoleman.com/blog/2019/march/index.html]
[www.mccabecoleman.com/cms/includes/v43hqkmexya.2303291206316.css]
[www.mccabecoleman.com/blog/2019/august/is-a-speeding-ticket-in-new-york-really-that-bad/index.html]
[www.mccabecoleman.com/blog/2019/july/what-you-need-to-know-about-the-raise-the-age-la/index.html]
[www.mccabecoleman.com/blog/2019/july/can-your-car-be-searched-without-a-warrant-/index.html]
[www.mccabecoleman.com/blog/2019/september/common-college-crimes/index.html]
[www.mccabecoleman.com/blog/2019/july/calculating-alimony-in-new-york-state/index.html]
[www.mccabecoleman.com/reviews/index.html]
[www.mccabecoleman.com/service-areas/index.html]
[www.mccabecoleman.com/cms/includes/gqw4tgcinuk.2311221353225.js]
[www.mccabecoleman.com/service-areas/dutchess-county/index.html]
[www.mccabecoleman.com/service-areas/dutchess-county/red-hook/index.html]
[www.mccabecoleman.com/service-areas/orange-county/index.html]
[www.mccabecoleman.com/service-areas/putnam-county/index.html]
[www.mccabecoleman.com/service-areas/putnam-county/carmel/index.html]
[www.mccabecoleman.com/service-areas/ulster-county/index.html]
[www.mccabecoleman.com/blog/2019/may/child-support-across-state-lines/index.html]
[www.mccabecoleman.com/service-areas/ulster-county/kingston/index.html]
[www.mccabecoleman.com/blog/2019/april/what-is-a-collaborative-divorce-/index.html]
[www.mccabecoleman.com/blog/2019/april/new-york-felonies-and-misdemeanors-explained/index.html]
[www.mccabecoleman.com/blog/2019/april/the-unromantic-pre-nuptial-agreement-alternative/index.html]
[www.mccabecoleman.com/cms/includes/dh_7aksebkv.2303291206316.css]
[www.mccabecoleman.com/blog/2019/march/knowing-the-difference-between-divorce-separatio/index.html]
[www.mccabecoleman.com/blog/2019/march/the-four-elements-of-a-dwi-arrest/index.html]
[www.mccabecoleman.com/contact-us/index.html]
[www.mccabecoleman.com/cms/svg/site/qmzf7qq47n4.24.2311221428500.svg]
[www.mccabecoleman.com/cms/includes/14cpttbiiba.2311221353225.js]
[www.mccabecoleman.com/family-law/collaborative-divorce/index.html]
[www.mccabecoleman.com/cms/includes/2b4rvt7tmz_.2303291206316.css]
[www.mccabecoleman.com/cms/includes/6elco1f0t1o.2311221353225.js]
[www.mccabecoleman.com/site-map/index.html]
[www.mccabecoleman.com/privacy-policy/index.html]
[www.mccabecoleman.com/includes/high-res.css]
[www.mccabecoleman.com/assets/sub-banner/marble-bg.jpg]
[www.mccabecoleman.com/cms/includes/_st38yxhldp.2303291206316.css]
[www.mccabecoleman.com/images/Social-share.html]
[www.mccabecoleman.com/site-search/admin/index.html]
[www.mccabecoleman.com/site-search/usc/index.html]
[www.mccabecoleman.com/site-search/cms/index.html]
[www.mccabecoleman.com/cms/svg/site/qmzf7qq47n4.36.2311221428500.svg]
[www.mccabecoleman.com/cms/includes/5i_kqjrhoun.2303291206316.css]
[www.mccabecoleman.com/our-attorneys/admin/index.html]
[www.mccabecoleman.com/our-attorneys/usc/index.html]
[www.mccabecoleman.com/our-attorneys/cms/index.html]
[www.mccabecoleman.com/cms/includes/ufrmdd1ozbu.2303291206316.css]
[www.mccabecoleman.com/our-attorneys/daniel-j-mccabe/admin/index.html]
[www.mccabecoleman.com/our-attorneys/daniel-j-mccabe/usc/index.html]
[www.mccabecoleman.com/our-attorneys/daniel-j-mccabe/cms/index.html]
[www.mccabecoleman.com/cms/includes/f7m3d5696um.2303291206316.css]
[www.mccabecoleman.com/our-attorneys/christopher-s-coleman/admin/index.html]
[www.mccabecoleman.com/our-attorneys/christopher-s-coleman/usc/index.html]
[www.mccabecoleman.com/our-attorneys/christopher-s-coleman/cms/index.html]
[www.mccabecoleman.com/our-attorneys/john-j-ventosa/admin/index.html]
[www.mccabecoleman.com/our-attorneys/john-j-ventosa/usc/index.html]
[www.mccabecoleman.com/our-attorneys/john-j-ventosa/cms/index.html]
[www.mccabecoleman.com/our-attorneys/steven-k-patterson/admin/index.html]
[www.mccabecoleman.com/our-attorneys/steven-k-patterson/usc/index.html]
[www.mccabecoleman.com/our-attorneys/steven-k-patterson/cms/index.html]
[www.mccabecoleman.com/our-attorneys/jennifer-j-clark/admin/index.html]
[www.mccabecoleman.com/our-attorneys/jennifer-j-clark/usc/index.html]
[www.mccabecoleman.com/our-attorneys/jennifer-j-clark/cms/index.html]
[www.mccabecoleman.com/our-attorneys/dean-mcgee/admin/index.html]
[www.mccabecoleman.com/our-attorneys/dean-mcgee/usc/index.html]
[www.mccabecoleman.com/our-attorneys/dean-mcgee/cms/index.html]
[www.mccabecoleman.com/our-attorneys/david-l-steinberg/admin/index.html]
[www.mccabecoleman.com/our-attorneys/david-l-steinberg/usc/index.html]
[www.mccabecoleman.com/our-attorneys/david-l-steinberg/cms/index.html]
[www.mccabecoleman.com/our-attorneys/donna-nebel/admin/index.html]
[www.mccabecoleman.com/our-attorneys/donna-nebel/usc/index.html]
[www.mccabecoleman.com/our-attorneys/donna-nebel/cms/index.html]
[www.mccabecoleman.com/our-attorneys/elizabeth-m-shanahan/admin/index.html]
[www.mccabecoleman.com/our-attorneys/elizabeth-m-shanahan/usc/index.html]
[www.mccabecoleman.com/our-attorneys/elizabeth-m-shanahan/cms/index.html]
[www.mccabecoleman.com/practice-areas/admin/index.html]
[www.mccabecoleman.com/practice-areas/usc/index.html]
[www.mccabecoleman.com/practice-areas/cms/index.html]
[www.mccabecoleman.com/cms/includes/hcqjh4bjmkt.2303291206316.css]
[www.mccabecoleman.com/practice-areas/business-and-contract-law/admin/index.html]
[www.mccabecoleman.com/practice-areas/business-and-contract-law/usc/index.html]
[www.mccabecoleman.com/practice-areas/business-and-contract-law/cms/index.html]
[www.mccabecoleman.com/assets/cta/MainstageV1-mainstage-v1-texture-mobile.0000000000000.html]
[www.mccabecoleman.com/assets/cta/MainstageV1-mainstage-v1-texture-tablet.0000000000000.html]
[www.mccabecoleman.com/cms/includes/wq1hypd4rfk.2303291206316.css]
[www.mccabecoleman.com/poughkeepsie-dwi/index.html]
[www.mccabecoleman.com/cms/includes/jgbbezlkc4u.2303291206316.css]
[www.mccabecoleman.com/practice-areas/business-and-contract-law/business-consulting/admin/index.html]
[www.mccabecoleman.com/practice-areas/business-and-contract-law/business-consulting/usc/index.html]
[www.mccabecoleman.com/practice-areas/business-and-contract-law/business-consulting/cms/index.html]
[www.mccabecoleman.com/practice-areas/business-and-contract-law/buying-selling-businesses/admin/index.html]
[www.mccabecoleman.com/practice-areas/business-and-contract-law/buying-selling-businesses/usc/index.html]
[www.mccabecoleman.com/practice-areas/business-and-contract-law/buying-selling-businesses/cms/index.html]
[www.mccabecoleman.com/practice-areas/business-and-contract-law/contract-disputes/admin/index.html]
[www.mccabecoleman.com/practice-areas/business-and-contract-law/contract-disputes/usc/index.html]
[www.mccabecoleman.com/practice-areas/business-and-contract-law/contract-disputes/cms/index.html]
[www.mccabecoleman.com/practice-areas/business-and-contract-law/due-diligence-negotiation/admin/index.html]
[www.mccabecoleman.com/practice-areas/business-and-contract-law/due-diligence-negotiation/usc/index.html]
[www.mccabecoleman.com/practice-areas/business-and-contract-law/due-diligence-negotiation/cms/index.html]
[www.mccabecoleman.com/practice-areas/business-and-contract-law/state-liquor-authority-practice/admin/index.html]
[www.mccabecoleman.com/practice-areas/business-and-contract-law/state-liquor-authority-practice/usc/index.html]
[www.mccabecoleman.com/practice-areas/business-and-contract-law/state-liquor-authority-practice/cms/index.html]
[www.mccabecoleman.com/practice-areas/civil-litigation/admin/index.html]
[www.mccabecoleman.com/practice-areas/civil-litigation/usc/index.html]
[www.mccabecoleman.com/practice-areas/civil-litigation/cms/index.html]
[www.mccabecoleman.com/practice-areas/criminal-defense/drug-crimes/drug-possession/index.html]
[www.mccabecoleman.com/practice-areas/criminal-defense/dwi/multiple-dwi/index.html]
[www.mccabecoleman.com/practice-areas/criminal-defense/grand-larceny-and-theft/credit-card-theft/index.html]
[www.mccabecoleman.com/cms/includes/fgcdrn3q28a.2311221353225.js]
[www.mccabecoleman.com/practice-areas/criminal-defense/grand-larceny-and-theft/shoplifting/index.html]
[www.mccabecoleman.com/practice-areas/criminal-defense/white-collar-crimes/embezzlement/index.html]
[www.mccabecoleman.com/practice-areas/criminal-defense/white-collar-crimes/money-laundering/index.html]
[www.mccabecoleman.com/practice-areas/criminal-defense/white-collar-crimes/tax-evasion/index.html]
[www.mccabecoleman.com/practice-areas/real-estate-law/commercial-real-estate/understanding-commercial-real-estate-contracts/index.html]
[www.mccabecoleman.com/practice-areas/real-estate-law/commercial-real-estate/commercial-evictions/index.html]
[www.mccabecoleman.com/practice-areas/criminal-defense/admin/index.html]
[www.mccabecoleman.com/practice-areas/criminal-defense/usc/index.html]
[www.mccabecoleman.com/practice-areas/criminal-defense/cms/index.html]
[www.mccabecoleman.com/cms/includes/w6hwrrkjvum.2303291206316.css]
[www.mccabecoleman.com/blog/categories/criminal-defense/index.html]
[www.mccabecoleman.com/blog/2023/july/the-new-york-criminal-justice-system-from-arrest/index.html]
[www.mccabecoleman.com/cms/includes/m25xrf5jkws.2311221353225.js]
[www.mccabecoleman.com/cms/includes/blmvs9sziuj.2311221353225.js]
[www.mccabecoleman.com/blog/2019/june/is-ignorance-of-the-law-a-legal-defense-/index.html]
[www.mccabecoleman.com/blog/categories/crimes/index.html]
[www.mccabecoleman.com/cms/includes/29pul1f9mfs.2311221353225.js]
[www.mccabecoleman.com/blog/2019/may/how-to-find-the-right-federal-criminal-defense-l/index.html]
[www.mccabecoleman.com/practice-areas/criminal-defense/appeals/admin/index.html]
[www.mccabecoleman.com/practice-areas/criminal-defense/appeals/usc/index.html]
[www.mccabecoleman.com/practice-areas/criminal-defense/appeals/cms/index.html]
[www.mccabecoleman.com/practice-areas/criminal-defense/domestic-violence/admin/index.html]
[www.mccabecoleman.com/practice-areas/criminal-defense/domestic-violence/usc/index.html]
[www.mccabecoleman.com/practice-areas/criminal-defense/domestic-violence/cms/index.html]
[www.mccabecoleman.com/practice-areas/criminal-defense/drug-crimes/admin/index.html]
[www.mccabecoleman.com/practice-areas/criminal-defense/drug-crimes/usc/index.html]
[www.mccabecoleman.com/practice-areas/criminal-defense/drug-crimes/cms/index.html]
[www.mccabecoleman.com/practice-areas/criminal-defense/dwi/admin/index.html]
[www.mccabecoleman.com/practice-areas/criminal-defense/dwi/usc/index.html]
[www.mccabecoleman.com/practice-areas/criminal-defense/dwi/cms/index.html]
[www.mccabecoleman.com/practice-areas/criminal-defense/grand-larceny-and-theft/admin/index.html]
[www.mccabecoleman.com/practice-areas/criminal-defense/grand-larceny-and-theft/usc/index.html]
[www.mccabecoleman.com/practice-areas/criminal-defense/grand-larceny-and-theft/cms/index.html]
[www.mccabecoleman.com/practice-areas/criminal-defense/juvenile-crimes/admin/index.html]
[www.mccabecoleman.com/practice-areas/criminal-defense/juvenile-crimes/usc/index.html]
[www.mccabecoleman.com/practice-areas/criminal-defense/juvenile-crimes/cms/index.html]
[www.mccabecoleman.com/practice-areas/criminal-defense/sex-crimes/admin/index.html]
[www.mccabecoleman.com/practice-areas/criminal-defense/sex-crimes/usc/index.html]
[www.mccabecoleman.com/practice-areas/criminal-defense/sex-crimes/cms/index.html]
[www.mccabecoleman.com/practice-areas/criminal-defense/speeding-tickets/admin/index.html]
[www.mccabecoleman.com/practice-areas/criminal-defense/speeding-tickets/usc/index.html]
[www.mccabecoleman.com/practice-areas/criminal-defense/speeding-tickets/cms/index.html]
[www.mccabecoleman.com/practice-areas/criminal-defense/violent-crimes/admin/index.html]
[www.mccabecoleman.com/practice-areas/criminal-defense/violent-crimes/usc/index.html]
[www.mccabecoleman.com/practice-areas/criminal-defense/violent-crimes/cms/index.html]
[www.mccabecoleman.com/practice-areas/criminal-defense/white-collar-crimes/admin/index.html]
[www.mccabecoleman.com/practice-areas/criminal-defense/white-collar-crimes/usc/index.html]
[www.mccabecoleman.com/practice-areas/criminal-defense/white-collar-crimes/cms/index.html]
[www.mccabecoleman.com/family-law/admin/index.html]
[www.mccabecoleman.com/family-law/usc/index.html]
[www.mccabecoleman.com/family-law/cms/index.html]
[www.mccabecoleman.com/family-law/divorce/index.html]
[www.mccabecoleman.com/family-law/divorce-mediation/index.html]
[www.mccabecoleman.com/blog/2019/september/how-new-york-courts-determine-custody/index.html]
[www.mccabecoleman.com/cms/includes/jyi4ezi_swk.2311221353225.js]
[www.mccabecoleman.com/personal-injury/admin/index.html]
[www.mccabecoleman.com/personal-injury/usc/index.html]
[www.mccabecoleman.com/personal-injury/cms/index.html]
[www.mccabecoleman.com/personal-injury/car-accidents/index.html]
[www.mccabecoleman.com/personal-injury/construction-accidents/index.html]
[www.mccabecoleman.com/blog/categories/family-law/index.html]
[www.mccabecoleman.com/personal-injury/medical-malpractice/index.html]
[www.mccabecoleman.com/personal-injury/negligence/index.html]
[www.mccabecoleman.com/personal-injury/nursing-home-abuse/index.html]
[www.mccabecoleman.com/personal-injury/product-liability/index.html]
[www.mccabecoleman.com/personal-injury/slip-and-fall/index.html]
[www.mccabecoleman.com/personal-injury/wrongful-death/index.html]
[www.mccabecoleman.com/practice-areas/real-estate-law/admin/index.html]
[www.mccabecoleman.com/practice-areas/real-estate-law/usc/index.html]
[www.mccabecoleman.com/practice-areas/real-estate-law/cms/index.html]
[www.mccabecoleman.com/practice-areas/real-estate-law/residential-real-estate/admin/index.html]
[www.mccabecoleman.com/practice-areas/real-estate-law/residential-real-estate/usc/index.html]
[www.mccabecoleman.com/practice-areas/real-estate-law/residential-real-estate/cms/index.html]
[www.mccabecoleman.com/practice-areas/real-estate-law/commercial-real-estate/admin/index.html]
[www.mccabecoleman.com/practice-areas/real-estate-law/commercial-real-estate/usc/index.html]
[www.mccabecoleman.com/practice-areas/real-estate-law/commercial-real-estate/cms/index.html]
[www.mccabecoleman.com/practice-areas/wills-trusts-and-estate-planning/admin/index.html]
[www.mccabecoleman.com/practice-areas/wills-trusts-and-estate-planning/usc/index.html]
[www.mccabecoleman.com/practice-areas/wills-trusts-and-estate-planning/cms/index.html]
[www.mccabecoleman.com/practice-areas/wills-trusts-and-estate-planning/health-care-proxy/admin/index.html]
[www.mccabecoleman.com/practice-areas/wills-trusts-and-estate-planning/health-care-proxy/usc/index.html]
[www.mccabecoleman.com/practice-areas/wills-trusts-and-estate-planning/health-care-proxy/cms/index.html]
[www.mccabecoleman.com/practice-areas/wills-trusts-and-estate-planning/living-will/admin/index.html]
[www.mccabecoleman.com/practice-areas/wills-trusts-and-estate-planning/living-will/usc/index.html]
[www.mccabecoleman.com/practice-areas/wills-trusts-and-estate-planning/living-will/cms/index.html]
[www.mccabecoleman.com/practice-areas/wills-trusts-and-estate-planning/power-of-attorney/admin/index.html]
[www.mccabecoleman.com/practice-areas/wills-trusts-and-estate-planning/power-of-attorney/usc/index.html]
[www.mccabecoleman.com/practice-areas/wills-trusts-and-estate-planning/power-of-attorney/cms/index.html]
[www.mccabecoleman.com/practice-areas/wills-trusts-and-estate-planning/simple-will/admin/index.html]
[www.mccabecoleman.com/practice-areas/wills-trusts-and-estate-planning/simple-will/usc/index.html]
[www.mccabecoleman.com/practice-areas/wills-trusts-and-estate-planning/simple-will/cms/index.html]
[www.mccabecoleman.com/case-results/admin/index.html]
[www.mccabecoleman.com/case-results/usc/index.html]
[www.mccabecoleman.com/case-results/cms/index.html]
[www.mccabecoleman.com/cms/includes/gwi6pggy0oj.2303291206316.css]
[www.mccabecoleman.com/blog/admin/index.html]
[www.mccabecoleman.com/blog/usc/index.html]
[www.mccabecoleman.com/blog/cms/index.html]
[www.mccabecoleman.com/blog/2022/august/august-2022-mccabe-coleman-wins-lawsuit-over-bre/index.html]
[www.mccabecoleman.com/cms/includes/uf71kscfc0s.2311221353225.js]
[www.mccabecoleman.com/cms/includes/te6tskc4w54.2311221353225.js]
[www.mccabecoleman.com/blog/2022/july/july-29-2022-mccabe-coleman-victory-highlights-i/index.html]
[www.mccabecoleman.com/blog/categories/news/index.html]
[www.mccabecoleman.com/cms/includes/myb1umb1fz2.2311221353225.js]
[www.mccabecoleman.com/blog/2021/december/mccabe-coleman-news-2021/index.html]
[www.mccabecoleman.com/blog/2020/december/mccabe-coleman-news-2020/index.html]
[www.mccabecoleman.com/cms/includes/0stoo449a8p.2311221353225.js]
[www.mccabecoleman.com/blog/2019/december/mccabe-coleman-news-2019/index.html]
[www.mccabecoleman.com/cms/includes/h6t43kerogf.2311221353225.js]
[www.mccabecoleman.com/blog/2023/july/steps-to-take-after-a-personal-injury-your-guide/index.html]
[www.mccabecoleman.com/cms/includes/6aado3o1ih5.2311221353225.js]
[www.mccabecoleman.com/blog/categories/personal-injury/index.html]
[www.mccabecoleman.com/blog/2023/july/avoiding-common-mistakes-during-a-new-york-dwi-s/index.html]
[www.mccabecoleman.com/cms/includes/fnk3qn3uo84.2303291206316.css]
[www.mccabecoleman.com/blog/2023/admin/index.html]
[www.mccabecoleman.com/blog/2023/usc/index.html]
[www.mccabecoleman.com/blog/2023/cms/index.html]
[www.mccabecoleman.com/blog/2023/july/admin/index.html]
[www.mccabecoleman.com/blog/2023/july/usc/index.html]
[www.mccabecoleman.com/blog/2023/july/cms/index.html]
[www.mccabecoleman.com/blog/2022/admin/index.html]
[www.mccabecoleman.com/blog/2022/usc/index.html]
[www.mccabecoleman.com/blog/2022/cms/index.html]
[www.mccabecoleman.com/blog/2022/august/admin/index.html]
[www.mccabecoleman.com/blog/2022/august/usc/index.html]
[www.mccabecoleman.com/blog/2022/august/cms/index.html]
[www.mccabecoleman.com/blog/2022/july/admin/index.html]
[www.mccabecoleman.com/blog/2022/july/usc/index.html]
[www.mccabecoleman.com/blog/2022/july/cms/index.html]
[www.mccabecoleman.com/blog/2021/admin/index.html]
[www.mccabecoleman.com/blog/2021/usc/index.html]
[www.mccabecoleman.com/blog/2021/cms/index.html]
[www.mccabecoleman.com/cms/includes/z_r5ug9vcyn.2311221353225.js]
[www.mccabecoleman.com/blog/categories/dwi-dui-dwai/index.html]
[www.mccabecoleman.com/cms/includes/u3e2fl8iiwg.2311221353225.js]
[www.mccabecoleman.com/blog/2021/december/arrested-for-dwi-should-you-take-the-test-/index.html]
[www.mccabecoleman.com/cms/includes/580jcr978oc.2311221353225.js]
[www.mccabecoleman.com/blog/2021/december/tree-cases-nys-rpapl-861-unlawful-removal-of-tim/index.html]
[www.mccabecoleman.com/blog/2021/december/admin/index.html]
[www.mccabecoleman.com/blog/2021/december/usc/index.html]
[www.mccabecoleman.com/blog/2021/december/cms/index.html]
[www.mccabecoleman.com/blog/2020/admin/index.html]
[www.mccabecoleman.com/blog/2020/usc/index.html]
[www.mccabecoleman.com/blog/2020/cms/index.html]
[www.mccabecoleman.com/blog/2020/december/admin/index.html]
[www.mccabecoleman.com/blog/2020/december/usc/index.html]
[www.mccabecoleman.com/blog/2020/december/cms/index.html]
[www.mccabecoleman.com/blog/2019/admin/index.html]
[www.mccabecoleman.com/blog/2019/usc/index.html]
[www.mccabecoleman.com/blog/2019/cms/index.html]
[www.mccabecoleman.com/blog/2019/september/common-college-crimes/index.html]
[www.mccabecoleman.com/cms/includes/vxsst22shz4.2311221353225.js]
[www.mccabecoleman.com/blog/2019/august/is-a-speeding-ticket-in-new-york-really-that-bad/index.html]
[www.mccabecoleman.com/cms/includes/kkwl4r6joz9.2311221353225.js]
[www.mccabecoleman.com/blog/2019/july/calculating-alimony-in-new-york-state/index.html]
[www.mccabecoleman.com/cms/includes/nfy59aunjtl.2311221353225.js]
[www.mccabecoleman.com/blog/categories/divorce-law/index.html]
[www.mccabecoleman.com/blog/2019/july/what-you-need-to-know-about-the-raise-the-age-la/index.html]
[www.mccabecoleman.com/cms/includes/war86_yma5i.2311221353225.js]
[www.mccabecoleman.com/blog/2019/july/can-your-car-be-searched-without-a-warrant-/index.html]
[www.mccabecoleman.com/cms/includes/hps9c9w7bar.2311221353225.js]
[www.mccabecoleman.com/blog/2019/december/admin/index.html]
[www.mccabecoleman.com/blog/2019/december/usc/index.html]
[www.mccabecoleman.com/blog/2019/december/cms/index.html]
[www.mccabecoleman.com/blog/2019/september/admin/index.html]
[www.mccabecoleman.com/blog/2019/september/usc/index.html]
[www.mccabecoleman.com/blog/2019/september/cms/index.html]
[www.mccabecoleman.com/blog/2019/august/admin/index.html]
[www.mccabecoleman.com/blog/2019/august/usc/index.html]
[www.mccabecoleman.com/blog/2019/august/cms/index.html]
[www.mccabecoleman.com/blog/2019/july/admin/index.html]
[www.mccabecoleman.com/blog/2019/july/usc/index.html]
[www.mccabecoleman.com/blog/2019/july/cms/index.html]
[www.mccabecoleman.com/blog/2019/june/admin/index.html]
[www.mccabecoleman.com/blog/2019/june/usc/index.html]
[www.mccabecoleman.com/blog/2019/june/cms/index.html]
[www.mccabecoleman.com/blog/2019/may/admin/index.html]
[www.mccabecoleman.com/blog/2019/may/usc/index.html]
[www.mccabecoleman.com/blog/2019/may/cms/index.html]
[www.mccabecoleman.com/blog/2019/may/child-support-across-state-lines/index.html]
[www.mccabecoleman.com/blog/2019/april/admin/index.html]
[www.mccabecoleman.com/blog/2019/april/usc/index.html]
[www.mccabecoleman.com/blog/2019/april/cms/index.html]
[www.mccabecoleman.com/cms/includes/lkqgprr6qs6.2311221353225.js]
[www.mccabecoleman.com/blog/2019/april/what-is-a-collaborative-divorce-/index.html]
[www.mccabecoleman.com/cms/includes/l_gc396pd_a.2311221353225.js]
[www.mccabecoleman.com/blog/2019/april/new-york-felonies-and-misdemeanors-explained/index.html]
[www.mccabecoleman.com/cms/includes/6pxb3jdd4lm.2311221353225.js]
[www.mccabecoleman.com/blog/2019/april/the-unromantic-pre-nuptial-agreement-alternative/index.html]
[www.mccabecoleman.com/cms/includes/iitq53n_g1k.2311221353225.js]
[www.mccabecoleman.com/blog/2019/march/admin/index.html]
[www.mccabecoleman.com/blog/2019/march/usc/index.html]
[www.mccabecoleman.com/blog/2019/march/cms/index.html]
[www.mccabecoleman.com/blog/2019/march/knowing-the-difference-between-divorce-separatio/index.html]
[www.mccabecoleman.com/cms/includes/vtcy5d4lnui.2311221353225.js]
[www.mccabecoleman.com/blog/2019/march/the-four-elements-of-a-dwi-arrest/index.html]
[www.mccabecoleman.com/reviews/admin/index.html]
[www.mccabecoleman.com/reviews/usc/index.html]
[www.mccabecoleman.com/reviews/cms/index.html]
[www.mccabecoleman.com/cms/includes/v43hqkmexya.2303291206316.css]
[www.mccabecoleman.com/service-areas/admin/index.html]
[www.mccabecoleman.com/service-areas/usc/index.html]
[www.mccabecoleman.com/service-areas/cms/index.html]
[www.mccabecoleman.com/service-areas/dutchess-county/admin/index.html]
[www.mccabecoleman.com/service-areas/dutchess-county/usc/index.html]
[www.mccabecoleman.com/service-areas/dutchess-county/cms/index.html]
[www.mccabecoleman.com/service-areas/dutchess-county/red-hook/admin/index.html]
[www.mccabecoleman.com/service-areas/dutchess-county/red-hook/usc/index.html]
[www.mccabecoleman.com/service-areas/dutchess-county/red-hook/cms/index.html]
[www.mccabecoleman.com/service-areas/orange-county/admin/index.html]
[www.mccabecoleman.com/service-areas/orange-county/usc/index.html]
[www.mccabecoleman.com/service-areas/orange-county/cms/index.html]
[www.mccabecoleman.com/service-areas/putnam-county/admin/index.html]
[www.mccabecoleman.com/service-areas/putnam-county/usc/index.html]
[www.mccabecoleman.com/service-areas/putnam-county/cms/index.html]
[www.mccabecoleman.com/service-areas/putnam-county/carmel/admin/index.html]
[www.mccabecoleman.com/service-areas/putnam-county/carmel/usc/index.html]
[www.mccabecoleman.com/service-areas/putnam-county/carmel/cms/index.html]
[www.mccabecoleman.com/service-areas/ulster-county/admin/index.html]
[www.mccabecoleman.com/service-areas/ulster-county/usc/index.html]
[www.mccabecoleman.com/service-areas/ulster-county/cms/index.html]
[www.mccabecoleman.com/service-areas/ulster-county/kingston/admin/index.html]
[www.mccabecoleman.com/service-areas/ulster-county/kingston/usc/index.html]
[www.mccabecoleman.com/service-areas/ulster-county/kingston/cms/index.html]
[www.mccabecoleman.com/images/social-share-2.html]
[www.mccabecoleman.com/contact-us/admin/index.html]
[www.mccabecoleman.com/contact-us/usc/index.html]
[www.mccabecoleman.com/contact-us/cms/index.html]
[www.mccabecoleman.com/cms/includes/dh_7aksebkv.2303291206316.css]
[www.mccabecoleman.com/family-law/collaborative-divorce/admin/index.html]
[www.mccabecoleman.com/family-law/collaborative-divorce/usc/index.html]
[www.mccabecoleman.com/family-law/collaborative-divorce/cms/index.html]
[www.mccabecoleman.com/site-map/admin/index.html]
[www.mccabecoleman.com/site-map/usc/index.html]
[www.mccabecoleman.com/site-map/cms/index.html]
[www.mccabecoleman.com/cms/includes/2b4rvt7tmz_.2303291206316.css]
[www.mccabecoleman.com/privacy-policy/admin/index.html]
[www.mccabecoleman.com/privacy-policy/usc/index.html]
[www.mccabecoleman.com/privacy-policy/cms/index.html]
[www.mccabecoleman.com/poughkeepsie-dwi/admin/index.html]
[www.mccabecoleman.com/poughkeepsie-dwi/usc/index.html]
[www.mccabecoleman.com/poughkeepsie-dwi/cms/index.html]
[www.mccabecoleman.com/cms/includes/wq1hypd4rfk.2303291206316.css]
[www.mccabecoleman.com/practice-areas/criminal-defense/drug-crimes/drug-possession/admin/index.html]
[www.mccabecoleman.com/practice-areas/criminal-defense/drug-crimes/drug-possession/usc/index.html]
[www.mccabecoleman.com/practice-areas/criminal-defense/drug-crimes/drug-possession/cms/index.html]
[www.mccabecoleman.com/practice-areas/criminal-defense/dwi/multiple-dwi/admin/index.html]
[www.mccabecoleman.com/practice-areas/criminal-defense/dwi/multiple-dwi/usc/index.html]
[www.mccabecoleman.com/practice-areas/criminal-defense/dwi/multiple-dwi/cms/index.html]
[www.mccabecoleman.com/practice-areas/criminal-defense/grand-larceny-and-theft/credit-card-theft/admin/index.html]
[www.mccabecoleman.com/practice-areas/criminal-defense/grand-larceny-and-theft/credit-card-theft/usc/index.html]
[www.mccabecoleman.com/practice-areas/criminal-defense/grand-larceny-and-theft/credit-card-theft/cms/index.html]
[www.mccabecoleman.com/practice-areas/criminal-defense/grand-larceny-and-theft/shoplifting/admin/index.html]
[www.mccabecoleman.com/practice-areas/criminal-defense/grand-larceny-and-theft/shoplifting/usc/index.html]
[www.mccabecoleman.com/practice-areas/criminal-defense/grand-larceny-and-theft/shoplifting/cms/index.html]
[www.mccabecoleman.com/practice-areas/criminal-defense/white-collar-crimes/embezzlement/admin/index.html]
[www.mccabecoleman.com/practice-areas/criminal-defense/white-collar-crimes/embezzlement/usc/index.html]
[www.mccabecoleman.com/practice-areas/criminal-defense/white-collar-crimes/embezzlement/cms/index.html]
[www.mccabecoleman.com/practice-areas/criminal-defense/white-collar-crimes/money-laundering/admin/index.html]
[www.mccabecoleman.com/practice-areas/criminal-defense/white-collar-crimes/money-laundering/usc/index.html]
[www.mccabecoleman.com/practice-areas/criminal-defense/white-collar-crimes/money-laundering/cms/index.html]
[www.mccabecoleman.com/practice-areas/criminal-defense/white-collar-crimes/tax-evasion/admin/index.html]
[www.mccabecoleman.com/practice-areas/criminal-defense/white-collar-crimes/tax-evasion/usc/index.html]
[www.mccabecoleman.com/practice-areas/criminal-defense/white-collar-crimes/tax-evasion/cms/index.html]
[www.mccabecoleman.com/practice-areas/real-estate-law/commercial-real-estate/understanding-commercial-real-estate-contracts/admin/index.html]
[www.mccabecoleman.com/practice-areas/real-estate-law/commercial-real-estate/understanding-commercial-real-estate-contracts/usc/index.html]
[www.mccabecoleman.com/practice-areas/real-estate-law/commercial-real-estate/understanding-commercial-real-estate-contracts/cms/index.html]
[www.mccabecoleman.com/practice-areas/real-estate-law/commercial-real-estate/commercial-evictions/admin/index.html]
[www.mccabecoleman.com/practice-areas/real-estate-law/commercial-real-estate/commercial-evictions/usc/index.html]
[www.mccabecoleman.com/practice-areas/real-estate-law/commercial-real-estate/commercial-evictions/cms/index.html]
[www.mccabecoleman.com/blog/2023/july/the-new-york-criminal-justice-system-from-arrest/admin/index.html]
[www.mccabecoleman.com/blog/2023/july/the-new-york-criminal-justice-system-from-arrest/usc/index.html]
[www.mccabecoleman.com/blog/2023/july/the-new-york-criminal-justice-system-from-arrest/cms/index.html]
[www.mccabecoleman.com/blog/categories/criminal-defense/index.html]
[www.mccabecoleman.com/cms/includes/w6hwrrkjvum.2303291206316.css]
[www.mccabecoleman.com/blog/2019/june/is-ignorance-of-the-law-a-legal-defense-/admin/index.html]
[www.mccabecoleman.com/blog/2019/june/is-ignorance-of-the-law-a-legal-defense-/usc/index.html]
[www.mccabecoleman.com/blog/2019/june/is-ignorance-of-the-law-a-legal-defense-/cms/index.html]
[www.mccabecoleman.com/blog/categories/crimes/index.html]
[www.mccabecoleman.com/cms/includes/2n_2jd8dym8.2311221353225.js]
[www.mccabecoleman.com/blog/2019/may/how-to-find-the-right-federal-criminal-defense-l/admin/index.html]
[www.mccabecoleman.com/blog/2019/may/how-to-find-the-right-federal-criminal-defense-l/usc/index.html]
[www.mccabecoleman.com/blog/2019/may/how-to-find-the-right-federal-criminal-defense-l/cms/index.html]
[www.mccabecoleman.com/family-law/divorce/admin/index.html]
[www.mccabecoleman.com/family-law/divorce/usc/index.html]
[www.mccabecoleman.com/family-law/divorce/cms/index.html]
[www.mccabecoleman.com/family-law/divorce-mediation/admin/index.html]
[www.mccabecoleman.com/family-law/divorce-mediation/usc/index.html]
[www.mccabecoleman.com/family-law/divorce-mediation/cms/index.html]
[www.mccabecoleman.com/blog/2019/september/how-new-york-courts-determine-custody/admin/index.html]
[www.mccabecoleman.com/blog/2019/september/how-new-york-courts-determine-custody/usc/index.html]
[www.mccabecoleman.com/blog/2019/september/how-new-york-courts-determine-custody/cms/index.html]
[www.mccabecoleman.com/blog/categories/family-law/index.html]
[www.mccabecoleman.com/personal-injury/car-accidents/admin/index.html]
[www.mccabecoleman.com/personal-injury/car-accidents/usc/index.html]
[www.mccabecoleman.com/personal-injury/car-accidents/cms/index.html]
[www.mccabecoleman.com/personal-injury/construction-accidents/admin/index.html]
[www.mccabecoleman.com/personal-injury/construction-accidents/usc/index.html]
[www.mccabecoleman.com/personal-injury/construction-accidents/cms/index.html]
[www.mccabecoleman.com/personal-injury/medical-malpractice/admin/index.html]
[www.mccabecoleman.com/personal-injury/medical-malpractice/usc/index.html]
[www.mccabecoleman.com/personal-injury/medical-malpractice/cms/index.html]
[www.mccabecoleman.com/personal-injury/negligence/admin/index.html]
[www.mccabecoleman.com/personal-injury/negligence/usc/index.html]
[www.mccabecoleman.com/personal-injury/negligence/cms/index.html]
[www.mccabecoleman.com/personal-injury/nursing-home-abuse/admin/index.html]
[www.mccabecoleman.com/personal-injury/nursing-home-abuse/usc/index.html]
[www.mccabecoleman.com/personal-injury/nursing-home-abuse/cms/index.html]
[www.mccabecoleman.com/personal-injury/product-liability/admin/index.html]
[www.mccabecoleman.com/personal-injury/product-liability/usc/index.html]
[www.mccabecoleman.com/personal-injury/product-liability/cms/index.html]
[www.mccabecoleman.com/personal-injury/slip-and-fall/admin/index.html]
[www.mccabecoleman.com/personal-injury/slip-and-fall/usc/index.html]
[www.mccabecoleman.com/personal-injury/slip-and-fall/cms/index.html]
[www.mccabecoleman.com/personal-injury/wrongful-death/admin/index.html]
[www.mccabecoleman.com/personal-injury/wrongful-death/usc/index.html]
[www.mccabecoleman.com/personal-injury/wrongful-death/cms/index.html]
[www.mccabecoleman.com/blog/2022/august/august-2022-mccabe-coleman-wins-lawsuit-over-bre/admin/index.html]
[www.mccabecoleman.com/blog/2022/august/august-2022-mccabe-coleman-wins-lawsuit-over-bre/usc/index.html]
[www.mccabecoleman.com/blog/2022/august/august-2022-mccabe-coleman-wins-lawsuit-over-bre/cms/index.html]
[www.mccabecoleman.com/blog/categories/news/index.html]
[www.mccabecoleman.com/blog/2022/july/july-29-2022-mccabe-coleman-victory-highlights-i/admin/index.html]
[www.mccabecoleman.com/blog/2022/july/july-29-2022-mccabe-coleman-victory-highlights-i/usc/index.html]
[www.mccabecoleman.com/blog/2022/july/july-29-2022-mccabe-coleman-victory-highlights-i/cms/index.html]
[www.mccabecoleman.com/blog/2021/december/mccabe-coleman-news-2021/admin/index.html]
[www.mccabecoleman.com/blog/2021/december/mccabe-coleman-news-2021/usc/index.html]
[www.mccabecoleman.com/blog/2021/december/mccabe-coleman-news-2021/cms/index.html]
[www.mccabecoleman.com/blog/2020/december/mccabe-coleman-news-2020/admin/index.html]
[www.mccabecoleman.com/blog/2020/december/mccabe-coleman-news-2020/usc/index.html]
[www.mccabecoleman.com/blog/2020/december/mccabe-coleman-news-2020/cms/index.html]
[www.mccabecoleman.com/blog/2019/december/mccabe-coleman-news-2019/admin/index.html]
[www.mccabecoleman.com/blog/2019/december/mccabe-coleman-news-2019/usc/index.html]
[www.mccabecoleman.com/blog/2019/december/mccabe-coleman-news-2019/cms/index.html]
[www.mccabecoleman.com/blog/2023/july/steps-to-take-after-a-personal-injury-your-guide/admin/index.html]
[www.mccabecoleman.com/blog/2023/july/steps-to-take-after-a-personal-injury-your-guide/usc/index.html]
[www.mccabecoleman.com/blog/2023/july/steps-to-take-after-a-personal-injury-your-guide/cms/index.html]
[www.mccabecoleman.com/blog/categories/personal-injury/index.html]
[www.mccabecoleman.com/blog/2023/july/avoiding-common-mistakes-during-a-new-york-dwi-s/admin/index.html]
[www.mccabecoleman.com/blog/2023/july/avoiding-common-mistakes-during-a-new-york-dwi-s/usc/index.html]
[www.mccabecoleman.com/blog/2023/july/avoiding-common-mistakes-during-a-new-york-dwi-s/cms/index.html]
[www.mccabecoleman.com/blog/categories/dwi-dui-dwai/index.html]
[www.mccabecoleman.com/blog/2021/december/arrested-for-dwi-should-you-take-the-test-/admin/index.html]
[www.mccabecoleman.com/blog/2021/december/arrested-for-dwi-should-you-take-the-test-/usc/index.html]
[www.mccabecoleman.com/blog/2021/december/arrested-for-dwi-should-you-take-the-test-/cms/index.html]
[www.mccabecoleman.com/blog/2021/december/tree-cases-nys-rpapl-861-unlawful-removal-of-tim/admin/index.html]
[www.mccabecoleman.com/blog/2021/december/tree-cases-nys-rpapl-861-unlawful-removal-of-tim/usc/index.html]
[www.mccabecoleman.com/blog/2021/december/tree-cases-nys-rpapl-861-unlawful-removal-of-tim/cms/index.html]
[www.mccabecoleman.com/blog/2019/september/common-college-crimes/admin/index.html]
[www.mccabecoleman.com/blog/2019/september/common-college-crimes/usc/index.html]
[www.mccabecoleman.com/blog/2019/september/common-college-crimes/cms/index.html]
[www.mccabecoleman.com/blog/2019/august/is-a-speeding-ticket-in-new-york-really-that-bad/admin/index.html]
[www.mccabecoleman.com/blog/2019/august/is-a-speeding-ticket-in-new-york-really-that-bad/usc/index.html]
[www.mccabecoleman.com/blog/2019/august/is-a-speeding-ticket-in-new-york-really-that-bad/cms/index.html]
[www.mccabecoleman.com/blog/2019/july/calculating-alimony-in-new-york-state/admin/index.html]
[www.mccabecoleman.com/blog/2019/july/calculating-alimony-in-new-york-state/usc/index.html]
[www.mccabecoleman.com/blog/2019/july/calculating-alimony-in-new-york-state/cms/index.html]
[www.mccabecoleman.com/blog/categories/divorce-law/index.html]
[www.mccabecoleman.com/blog/2019/july/what-you-need-to-know-about-the-raise-the-age-la/admin/index.html]
[www.mccabecoleman.com/blog/2019/july/what-you-need-to-know-about-the-raise-the-age-la/usc/index.html]
[www.mccabecoleman.com/blog/2019/july/what-you-need-to-know-about-the-raise-the-age-la/cms/index.html]
[www.mccabecoleman.com/blog/2019/july/can-your-car-be-searched-without-a-warrant-/admin/index.html]
[www.mccabecoleman.com/blog/2019/july/can-your-car-be-searched-without-a-warrant-/usc/index.html]
[www.mccabecoleman.com/blog/2019/july/can-your-car-be-searched-without-a-warrant-/cms/index.html]
[www.mccabecoleman.com/blog/2019/may/child-support-across-state-lines/admin/index.html]
[www.mccabecoleman.com/blog/2019/may/child-support-across-state-lines/usc/index.html]
[www.mccabecoleman.com/blog/2019/may/child-support-across-state-lines/cms/index.html]
[www.mccabecoleman.com/blog/2019/april/what-is-a-collaborative-divorce-/admin/index.html]
[www.mccabecoleman.com/blog/2019/april/what-is-a-collaborative-divorce-/usc/index.html]
[www.mccabecoleman.com/blog/2019/april/what-is-a-collaborative-divorce-/cms/index.html]
[www.mccabecoleman.com/blog/2019/april/new-york-felonies-and-misdemeanors-explained/admin/index.html]
[www.mccabecoleman.com/blog/2019/april/new-york-felonies-and-misdemeanors-explained/usc/index.html]
[www.mccabecoleman.com/blog/2019/april/new-york-felonies-and-misdemeanors-explained/cms/index.html]
[www.mccabecoleman.com/blog/2019/april/the-unromantic-pre-nuptial-agreement-alternative/admin/index.html]
[www.mccabecoleman.com/blog/2019/april/the-unromantic-pre-nuptial-agreement-alternative/usc/index.html]
[www.mccabecoleman.com/blog/2019/april/the-unromantic-pre-nuptial-agreement-alternative/cms/index.html]
[www.mccabecoleman.com/blog/2019/march/knowing-the-difference-between-divorce-separatio/admin/index.html]
[www.mccabecoleman.com/blog/2019/march/knowing-the-difference-between-divorce-separatio/usc/index.html]
[www.mccabecoleman.com/blog/2019/march/knowing-the-difference-between-divorce-separatio/cms/index.html]
[www.mccabecoleman.com/blog/2019/march/the-four-elements-of-a-dwi-arrest/admin/index.html]
[www.mccabecoleman.com/blog/2019/march/the-four-elements-of-a-dwi-arrest/usc/index.html]
[www.mccabecoleman.com/blog/2019/march/the-four-elements-of-a-dwi-arrest/cms/index.html]
[www.mccabecoleman.com/blog/categories/criminal-defense/admin/index.html]
[www.mccabecoleman.com/blog/categories/criminal-defense/usc/index.html]
[www.mccabecoleman.com/blog/categories/criminal-defense/cms/index.html]
[www.mccabecoleman.com/blog/categories/crimes/admin/index.html]
[www.mccabecoleman.com/blog/categories/crimes/usc/index.html]
[www.mccabecoleman.com/blog/categories/crimes/cms/index.html]
[www.mccabecoleman.com/blog/categories/family-law/admin/index.html]
[www.mccabecoleman.com/blog/categories/family-law/usc/index.html]
[www.mccabecoleman.com/blog/categories/family-law/cms/index.html]
[www.mccabecoleman.com/blog/categories/news/admin/index.html]
[www.mccabecoleman.com/blog/categories/news/usc/index.html]
[www.mccabecoleman.com/blog/categories/news/cms/index.html]
[www.mccabecoleman.com/blog/categories/personal-injury/admin/index.html]
[www.mccabecoleman.com/blog/categories/personal-injury/usc/index.html]
[www.mccabecoleman.com/blog/categories/personal-injury/cms/index.html]
[www.mccabecoleman.com/blog/categories/dwi-dui-dwai/admin/index.html]
[www.mccabecoleman.com/blog/categories/dwi-dui-dwai/usc/index.html]
[www.mccabecoleman.com/blog/categories/dwi-dui-dwai/cms/index.html]
[www.mccabecoleman.com/blog/categories/divorce-law/admin/index.html]
[www.mccabecoleman.com/blog/categories/divorce-law/usc/index.html]
[www.mccabecoleman.com/blog/categories/divorce-law/cms/index.html]
